Wo, Wo, Wo, Wo, Wo, Wo, Wo, Wo, Wo, Wo, Wo, Wo, Wo, Ww, Ww, Ww^Bw|, Ww, Wo, Wo, Wo, Wo, Wo, Wo, Wo, Wo, Wo, Wo, Wo, Wo, Wo, Wo, Wo, Wo, Wo, Wo, Wo, Wo, Wo, Wo, Wo, Wo, Wo, Wo, Wo, Wo, Wo, Wo, Wo, Wo
Wo, Wo, Wo, Wo, Wo, Wo, Wo, Wo, Wo, Wo, Wo, Wo, Wo, Ww, Ww, Ww^Bw|, Ww, Wo, Wo, Wo, Ww, Wo, Wo, Wo, Wo, Wo, Wo, Wo, Wo, Wo, Wo, Wo, Wo, Wo, Ww, Wo, Wo, Wo, Wo, Wo, Ww, Wo, Wo, Wo, Wo, Wo, Wo, Wo, Wo
Wo, Wo, Wo, Wo, Wo, Wo, Wo, Wo, Wo, Wo, Wo, Wo, Wo, Wo, Ww, Gs, Ww, Wo, Wo, Ww, Ww, Wo, Wo, Wo, Wo, Wo, Wo, Wo, Wo, Wo, Wo, Wo, Wo, Wo, Dd^Vdt, Ww, Ww, Wo, Wo, Ww, Gs, Ww, Ww, Wo, Wo, Wo, Wo, Wo, Wo
Wo, Wo, Wo, Wo, Ww, Wo, Wo, Wo, Wo, Wo, Wo, Wo, Wo, Wo, Wo, Ww^Bw|, Wo, Wo, Wo, Wo, Wo, Wo, Wo, Ww, Ww, Wo, Wo, Wo, Wo, Wo, Ww, Wo, Ww, Wo, Ww, Gs, Ww, Wo, Wo, Ww, Dd^Vdt, Dd, Ww, Wo, Wo, Wo, Wo, Wo, Wo
Wo, Wo, Wo, Ww, Ww, Wo, Wo, Wo, Wo, Ww, Ww, Wo, Wo, Wo, Gs, Ww^Bw|, Ww, Wo, Ww, Wo, Wo, Wo, Ww, Ww, Ww, Ww, Ww, Wo, Ww, Wo, Wo, Ww^Vm, Wo, Wo, Ww, Ww, Wo, Wo, Wo, Ww, Ww, Ww, Wo, Wo, Wo, Wo, Wo, Wo, Wo
Wo, Wo, Wo, Wo, Wo, Wo, Gs, Ww, Wo, Gs, Ww, Wo, Wo, Ww, Gs, Gs, Ww, Ww, Ww, Ww, Ww, Ww, Dd, Ww, Gs^Ft, Ww, Dd, Ww, Ww, Wo, Wo, Ww, Ww, Wo, Ww, Wo, Wo, Wo, Wo, Wo, Wo, Wo, Wo, Wo, Dd, Ww, Ww, Wo, Wo
Wo, Wo, Wo, Wo, Wo, Wo, Ww, Ww, Wo, Wo, Wo, Wo, Wo, Ww, Ww, Ww^Bw\, Ww^Bw\, Ww, Ww, Ww, Dd, Dd, Gs^Vht, Gs, Gs, Gs^Ft, Gs^Ft, Dd, Ww, Ww, Wo, Wo, Wo, Wo, Wo, Wo, Wo, Ww, Ww, Ww^Vm, Ww, Wo, Ww, Ww, Ww^Vm, Gs, Ww, Wo, Wo
Wo, Wo, Ww, Wo, Wo, Wo, Wo, Wo, Wo, Wo, Ww, Ww, Ww, Ww, Dd, Dd, Gs, Rd, Rd, Dd, Gs, Gs, Gs, Gs, Hh, Gs^Ft, Hh, Gs^Ft, Dd, Ww, Wo, Wo, Ww, Ww, Ww, Wo, Ww, Wo, Ww, Wo, Ww, Ww, Ww, Ww, Wo, Ww, Wo, Wo, Wo
Wo, Wo, Ww, Ww, Wo, Wo, Wo, Ww, Wo, Wo, Ww, Ww, Dd, Dd, Hh, Gs, Gs, Gs^Vht, Rd, Gs, Gs^Ft, Gs^Ft, Mm, Hh, Mm, Mm, Hh, Hh^Vhh, Rd, Rd, Ww^Bw\, Ww, Dd, Ww, Ww, Ww, Dd, Ww, Gs^Vht, Ww, Dd, Ww, Ww, Ww, Wo, Wo, Wo, Wo, Wo
Wo, Wo, Wo, Ww, Wo, Wo, Wo, Wo, Ww, Ww, Ww, Ww, Gs, Gs, Mm, Mm, Hh, Gs, Rd, Gs^Vht, Hh, Hh, Mm, Mm, Gs, Hh, Rd, Rd, Ww, Ww, Ww, Rd, Rd, Dd, Gs^Ft, Dd, Gs, Hh, Hh, Gs^Ft, Gs^Ft, Dd, Dd, Ww, Wo, Wo, Wo, Wo, Wo
Wo, Wo, Wo, Wo, Wo, Wo, Ww, Wo, Ww, Ww, Dd, Gs^Vht, Hh, Hh, Mm, Mm, Rd, Rd, Gs, Rd, Rd, Rd, Rd, Hh, Rd, Rd, Gs, Dd, Ww, Wo, Wo, Ww, Dd, Rd, Gs^Ft, Hh, Hh, Mm, Hh, Hh, Gs^Ft, Gs^Ft, Gs^Ft, Ww, Ww, Wo, Wo, Wo, Wo
Wo, Wo, Wo, Wo, Wo, Wo, Ww, Ww, Dd, Dd, Gs^Ft, Gs, Mm, Mm, Hh, Hh, Ce, Ce, Ce, Gs, Gs, Gs^Ft, Hh, Rd, Gs^Ft, Gs^Ft, Dd, Ww, Wo, Wo, Ww, Ww, Dd, Rd, Hh, Mm, Hh, Ch, Ch, Mm, Gs^Ft, Gs^Ft, Gs^Ft, Dd, Ww, Wo, Wo, Wo, Wo
Wo, Wo, Wo, Wo, Ww, Wo, Ww, Ww, Gs, Gs^Ft, Gs^Ft, Hh, Mm, Hh, Gs^Vht, Rd, Ce, Ke, Ce, Gs, Gs, Gs, Mm, Gs, Gs, Gs, Ww, Ww, Wo, Wo, Ww, Ww, Rd, Rd, Rd, Rd, Ch, Kh, Ch, Mm, Hh, Gs^Ft, Dd, Dd, Ww^Vm, Wo, Wo, Wo, Wo
Wo, Wo, Wo, Wo, Wo, Wo, Ww, Dd, Gs, Gs^Ft, Gs, Hh, Mm, Hh, Gs, Rd, Gs, Ce, Gs, Gs, Gs^Ft, Hh, Hh, Hh, Gs, Dd, Ww, Wo, Ww, Wo, Ww, Rd, Hh, Gs^Ft, Mm, Mm, Mm, Ch, Mm, Mm, Hh, Gs^Ft, Dd, Ww, Ww, Wo, Wo, Wo, Wo
Wo, Wo, Wo, Wo, Wo, Wo, Ww, Dd, Gs^Vht, Gs, Gs, Hh, Hh, Hh, Gs, Rd, Gs, Gs, Gs, Gs^Ft, Gs^Ft, Gs^Vht, Gs^Ft, Gs^Ft, Dd, Ww, Ww, Ww, Rd, Ww, Rd, Rd, Mm, Mm, Mm, Mm, Mm, Mm, Mm, Hh, Hh, Dd, Ww, Ww, Wo, Wo, Wo, Wo, Wo
Wo, Wo, Wo, Wo, Wo, Wo, Ww, Ww, Ww, Dd, Dd, Dd, Ww, Dd, Ww, Ww^Bw|, Ww, Dd, Ww, Gs^Ft, Hh, Gs^Ft, Dd, Gs^Ft, Ww, Ww, Rd, Rd, Gs^Ft, Rd, Hh, Hh, Mm, Mm, Hh, Hh, Gs^Ft, Mm, Hh, Hh, Ww, Ww, Gs, Ww, Ww, Wo, Wo, Wo, Wo
Wo, Wo, Wo, Wo, Wo, Wo, Wo, Ww, Gs, Ww, Ww, Ww, Ww, Ww, Ww, Ww, Ww, Ww, Ww, Ww, Ww, Ww, Ww, Ww, Wo, Wo, Rd, Gs^Ft, Hh, Hh, Hh, Mm, Mm, Mm, Hh, Hh^Vhh, Mm, Mm, Hh, Ww, Gs^Ft, Gs^Vht, Dd, Dd, Ww, Wo, Wo, Wo, Wo
Wo, Wo, Wo, Wo, Wo, Wo, Wo, Ww^Vm, Dd, Gs, Ww, Ww, Dd, Dd, Gs, Ww^Bw|, Gs^Ft, Dd, Gs^Ft, Ww, Dd, Wo, Wo, Wo, Mm, Mm, Rd, Gs^Vht, Mm, Mm, Mm, Mm, Hh, Hh, Mm, Mm, Hh, Hh, Ww, Ww, Gs, Dd, Ww, Ww, Ww^Vm, Wo, Wo, Wo, Wo
Wo, Wo, Ww, Ww, Wo, Wo, Wo, Ww, Ww, Ww, Dd, Dd, Gs, Gs, Gs, Rd, Gs, Gs^Ft, Gs^Ft, Gs^Ft, Hh, Ww, Wo, Wo, Mm, Rd, Mm, Mm, Mm, Hh, Mm, Hh, Hh, Mm, Mm, Hh, Hh, Ww, Wo, Wo, Ww, Dd, Ww, Ww, Wo, Wo, Wo, Wo, Wo
Wo, Wo, Wo, Wo, Wo, Wo, Ww, Ww, Dd, Dd, Gs^Vht, Gs, Gs, Gs, Gs, Rd, Gs, Gs, Gs^Ft, Gs^Ft, Hh, Mm, Mm, Mm, Mm, Rd, Hh, Mm, Hh, Hh, Hh, Hh^Vhh, Hh, Hh, Hh, Hh, Ww, Ww, Gs, Wo, Wo, Ww, Wo, Wo, Wo, Wo, Wo, Wo, Wo
Wo, Wo, Wo, Wo, Wo, Wo, Ww, Ww, Gs, Gs, Gs, Gs, Gs, Gs, Gs, Rd, Rd, Gs^Ft, Gs^Ft, Gs^Ft, Gs^Vht, Hh, Hh, Hh, Rd, Rd, Hh, Mm, Hh, Hh, Hh, Mm, Gs, Gs, Mm, Hh, Ww, Gs^Ft, Dd, Ww, Ww^Vm, Wo, Wo, Ww, Wo, Ww, Wo, Wo, Wo
Wo, Wo, Wo, Wo, Wo, Ww, Ww, Dd, Gs, Gs, Gs, Gs, Ch, Ch, Gs, Gs, Rd, Rd, Rd, Gs^Ft, Gs^Ft, Hh, Gs, Gs^Ft, Rd, Gs^Ft, Hh, Mm, Hh^Vhh, Gs, Hh, Gs, Hh, Hh, Mm, Hh, Ww, Gs^Ft, Dd, Ww, Ww, Wo, Ww, Ww, Wo, Ww, Wo, Wo, Wo
Wo, Wo, Wo, Wo, Wo, Ww, Ww, Gs^Vht, Gs, Gs, Gs, Gs, Gs, Kh, Ch, Rd, Gs, Gs^Ft, Gs^Ft, Rd, Rd, Gs, Rd, Rd, Ww, Gs, Hh, Mm, Mm, Hh, Mm, Hh, Hh, Mm, Hh, Hh, Ww, Gs, Ww, Ww, Wo, Wo, Wo, Wo, Wo, Wo, Wo, Wo, Wo
Wo, Wo, Wo, Wo, Ww, Ww, Ww, Gs, Gs, Gs, Gs, Gs, Gs, Ch, Gs, Gs, Gs, Gs^Ft, Gs^Ft, Gs^Ft, Gs, Rd, Wo, Wo, Ww, Gs, Gs, Hh, Gs, Hh, Hh, Mm, Gs, Hh, Ww, Ww, Gs, Ww, Wo, Ww, Wo, Wo, Ww, Wo, Wo, Wo, Wo, Wo, Wo
Wo, Wo, Wo, Wo, Wo, Ww, Ww, Dd, Dd, Gs, Gs, Gs, Gs, Gs, Gs, Gs^Ft, Gs^Ft, Gs^Ft, Dd, Gs, Ww, Ww, Ww, Ww, Gs, Ww, Ww, Dd, Gs, Gs, Dd^Vdt, Gs, Dd, Dd, Ww, Gs, Dd, Dd, Ww, Ww, Wo, Ww, Wo, Wo, Wo, Wo, Wo, Wo, Wo
Wo, Wo, Wo, Wo, Wo, Ww, Wo, Ww, Ww, Dd, Dd, Gs^Vht, Dd, Gs, Gs, Gs, Gs, Dd, Ww, Ww, Wo, Ww, Gs, Gs, Dd, Ww, Ww, Dd, Ww, Dd, Ww, Ww, Wo, Ww, Ww, Ww, Ww, Ww, Ww^Vm, Wo, Ww, Wo, Wo, Wo, Wo, Wo, Wo, Wo, Wo
Wo, Wo, Wo, Wo, Wo, Wo, Wo, Wo, Wo, Ww, Ww, Ww, Ww, Dd, Dd, Gs, Ww, Ww, Ww, Wo, Ww, Dd, Ww, Dd, Ww, Ww, Ww, Ww, Ww, Ww, Ww, Ww, Wo, Ww, Wo, Ww, Wo, Ww, Wo, Wo, Wo, Wo, Wo, Wo, Wo, Wo, Wo, Wo, Wo
Wo, Wo, Wo, Wo, Wo, Wo, Wo, Wo, Wo, Ww, Ww, Ww, Ww, Ww, Ww, Ww, Ww, Ww, Wo, Wo, Wo, Ww, Wo, Ww, Wo, Wo, Wo, Wo, Wo, Ww, Wo, Wo, Wo, Wo, Wo, Wo, Wo, Wo, Wo, Wo, Wo, Wo, Wo, Wo, Wo, Wo, Wo, Wo, Wo
Wo, Wo, Wo, Wo, Wo, Wo, Wo, Wo, Wo, Wo, Wo, Wo, Wo, Wo, Wo, Wo, Wo, Wo, Wo, Wo, Wo, Wo, Wo, Wo, Wo, Wo, Wo, Wo, Wo, Wo, Wo, Wo, Wo, Wo, Wo, Wo, Wo, Wo, Wo, Wo, Wo, Wo, Wo, Wo, Wo, Wo, Wo, Wo, Wo
Wo, Wo, Wo, Wo, Wo, Wo, Wo, Wo, Wo, Wo, Wo, Wo, Wo, Wo, Wo, Wo, Wo, Wo, Wo, Wo, Wo, Wo, Wo, Wo, Wo, Wo, Wo, Wo, Wo, Wo, Wo, Wo, Wo, Wo, Wo, Wo, Wo, Wo, Wo, Wo, Wo, Wo, Wo, Wo, Wo, Wo, Wo, Wo, Wo
