Wo, Wo, Wo, Wo, Wo, Wo, Wo, Wo, Wo, Wo, Wo, Ww, Ww, Dd, Dd, Md, Md, Gs^Ft, Gs^Ft, Gs^Ft, Gs^Ft, Md, Gs^Ft, Dd, Ww, Ww, Wo, Wo, Wo, Wo, Wo, Wo, Wo
Wo, Wo, Wo, Wo, Wo, Wo, Wo, Wo, Wo, Wo, Wo, Ww, Ww, Dd, Dd, Md, Md, Gs^Ft, Gs^Ft, Gs^Ft, Gs^Ft, Md, Gs^Ft, Dd, Ww, Ww, Wo, Wo, Wo, Wo, Wo, Wo, Wo
Wo, Wo, Wo, Wo, Wo, Wo, Ww, Wo, Ww, Ww, Ww, Wo, Wo, Ww, Dd, Md, Gs^Ft, Gs^Ft, Gs^Ft, Gs^Ft, Hh, Gs^Ft, Gs^Ft, Dd, Ww, Wo, Wo, Wo, Wo, Wo, Wo, Wo, Wo
Wo, Wo, Wo, Wo, Ww, Ww, Dd, Ww, Dd, Dd, Dd, Ww, Ww, Ww, Ww, Dd, Hd, Gs^Ft, Gs, Gs, Gs^Ft, Gs^Ft, Dd, Dd, Ww, Wo, Wo, Wo, Wo, Wo, Ww, Wo, Wo
Wo, Wo, Wo, Ww, Dd, Dd, Gs^Ft, Dd, Hd, Hd, Gs^Ft, Dd, Dd, Ww, Ww, Dd, Gs, Gs, Gs, Gs^Vht, Hh, Gs^Ft, Dd, Ww, Wo, Wo, Wo, Wo, Ww, Ww, Ds, Ww, Ww
Wo, Wo, Wo, Ww, Dd, Gs^Ft, Gs^Ft, Gs^Ft, Gs, Gs^Vht, Gs^Ft, Gs^Ft, Gs, Dd, Dd, Dd, Gs, Gs, Gs^Ft, Gs^Ft, Dd, Hd, Dd, Ww, Wo, Wo, Ww, Ww, Hd, Hd, Hd, Ww, Ww
Wo, Wo, Wo, Ww, Ww, Dd, Gs, Gs^Ft, Gs, Gs, Gs, Gs^Ft, Gs, Gs, Hh, Hh, Gs, Gs^Ft, Gs^Ft, Dd, Ww, Dd, Ww, Ww, Wo, Wo, Ww, Ds, Hd, Md, Hd, Ww, Ww
Wo, Wo, Wo, Ww, Ww, Dd, Gs, Gs, Gs, Gs, Gs, Gs, Gs, Gs^Vht, Gs^Ft, Hh, Gs, Gs, Gs^Vht, Dd, Ww, Ww, Wo, Wo, Wo, Wo, Ww, Ds, Hd, Md, Ds, Ww, Ww
Wo, Wo, Wo, Wo, Ww, Dd, Dd, Gs, Gs, Kh, Ch, Gs, Gs, Gs^Ft, Gs^Ft, Gs^Ft, Gs, Gs, Gs, Dd, Dd, Ww, Ww, Wo, Wo, Wo, Wo, Ww, Ds, Hd, Ww, Ww, Ww
Wo, Wo, Wo, Wo, Ww, Ww, Dd, Gs, Gs, Ch, Gs, Gs, Gs, Gs^Ft, Gs^Ft, Gs^Ft, Gs, Gs, Gs, Gs, Gs, Dd, Dd, Ww, Wo, Wo, Wo, Ww, Ww, Ww, Ww, Wo, Wo
Wo, Wo, Wo, Wo, Ww, Ww, Dd, Gs^Vht, Gs, Gs, Gs, Gs, Gs, Gs^Ft, Gs, Gs, Ch, Kh, Gs, Gs, Gs, Gs, Dd, Ww, Ww, Wo, Wo, Wo, Wo, Ww, Ds, Wo, Wo
Wo, Wo, Wo, Ww, Ww, Dd, Gs^Ft, Hd, Hh, Gs, Gs, Gs, Gs^Vht, Gs^Ft, Gs, Gs, Gs, Ch, Gs, Gs^Ft, Hd, Gs^Ft, Hd, Dd, Ww, Wo, Wo, Wo, Wo, Ww, Hd, Ww, Ww
Wo, Wo, Wo, Ww, Dd, Dd, Gs^Ft, Gs^Ft, Gs, Gs, Gs, Gs, Hh, Hh, Hh, Gs, Gs, Gs, Dd, Gs^Ft, Hd, Md, Gs^Vht, Dd, Ww, Wo, Wo, Wo, Wo, Wo, Ww, Ww, Ww
Wo, Wo, Wo, Ww, Dd, Gs^Ft, Gs^Ft, Hh, Gs, Gs, Gs, Gs, Gs, Hh, Gs, Gs, Dd, Dd, Ww, Dd, Dd, Hd, Dd, Dd, Ww, Wo, Wo, Wo, Wo, Wo, Wo, Wo, Wo
Wo, Wo, Wo, Ww, Dd, Gs^Ft, Dd, Gs, Gs, Gs, Gs^Ft, Gs^Ft, Gs, Gs, Gs^Vht, Dd, Ww, Ww, Wo, Ww, Ww, Dd, Ww, Ww, Wo, Ww, Wo, Wo, Wo, Wo, Wo, Wo, Wo
Wo, Wo, Wo, Ww, Ww, Dd, Ww, Dd, Hd, Gs, Gs, Gs^Ft, Gs^Ft, Gs, Gs, Dd, Dd, Ww, Ww, Wo, Wo, Ww, Wo, Wo, Ww, Wo, Wo, Ww, Ww, Wo, Ww, Wo, Wo
Wo, Wo, Wo, Wo, Wo, Ww, Ww, Dd, Dd, Gs, Gs, Gs^Ft, Gs, Gs, Gs, Gs^Ft, Gs, Dd, Dd, Ww, Ww, Wo, Ww, Wo, Wo, Wo, Ww, Ww, Dd, Ww, Dd, Ww, Ww
Wo, Wo, Wo, Wo, Wo, Wo, Ww, Ww, Dd, Gs, Gs, Gs, Hh, Hh, Gs, Gs, Gs^Ft, Hd, Gs, Dd, Dd, Ww, Ww, Wo, Ww, Ww, Dd, Dd, Gs^Ft, Dd, Gs^Ft, Dd, Dd
Wo, Wo, Wo, Wo, Wo, Wo, Ww, Ww, Dd, Gs^Vht, Gs^Ft, Hh, Gs, Hh, Gs, Gs, Gs^Ft, Gs^Ft, Dd, Hd, Gs^Vht, Dd, Ww, Wo, Ww, Dd, Gs^Ft, Gs^Ft, Gs^Vht, Hh, Hh, Hd, Hd
Wo, Wo, Wo, Wo, Wo, Ww, Dd, Dd, Gs, Gs, Gs^Ft, Gs^Ft, Gs^Ft, Gs, Gs, Gs^Ft, Dd, Dd, Ww, Dd, Dd, Dd, Ww, Wo, Ww, Dd, Gs^Ft, Gs^Ft, Ce, Ke, Gs, Gs, Gs
Wo, Wo, Wo, Wo, Wo, Ww, Dd, Gs, Gs, Gs, Gs, Gs, Gs, Gs, Gs, Gs^Vht, Dd, Ww, Wo, Ww, Ww, Ww, Wo, Wo, Ww, Dd, Gs^Ft, Gs, Ce, Ce, Gs, Gs, Gs
Wo, Wo, Wo, Wo, Wo, Ww, Dd, Gs, Hh, Gs, Gs^Ft, Gs, Gs, Gs, Gs, Gs, Dd, Ww, Ww, Wo, Wo, Ww, Wo, Ww, Dd, Dd, Gs, Gs, Gs, Gs, Gs, Gs, Gs
Wo, Wo, Wo, Wo, Wo, Ww, Dd, Hd, Gs^Ft, Gs^Ft, Gs^Ft, Gs^Ft, Gs^Vht, Gs, Gs, Gs, Gs, Dd, Dd, Ww, Ww, Wo, Ww, Dd, Gs^Ft, Gs, Hh, Gs^Vht, Hd, Hh, Dd, Gs^Ft, Gs^Ft
Wo, Wo, Wo, Wo, Wo, Ww, Ww, Dd, Dd, Dd, Dd, Gs^Ft, Gs^Ft, Hd, Hd, Gs, Gs^Ft, Gs^Ft, Gs^Ft, Dd, Dd, Ww, Dd, Dd, Gs, Gs^Ft, Gs^Ft, Hd, Dd, Dd, Ww, Dd, Dd
Wo, Wo, Wo, Wo, Wo, Ww, Ww, Ww, Ww, Ww, Ww, Dd, Dd, Dd, Dd, Gs, Gs, Hh, Hh, Hh, Gs, Dd, Gs, Gs, Gs, Gs, Dd, Dd, Ww, Ww, Wo, Ww, Ww
Wo, Wo, Wo, Wo, Wo, Wo, Wo, Wo, Wo, Ww, Ww, Ww, Ww, Ww, Ww, Dd, Gs, Gs, Gs, Hh, Gs, Gs, Gs, Gs, Gs, Gs^Vht, Dd, Ww, Wo, Wo, Wo, Wo, Wo
Wo, Wo, Wo, Wo, Wo, Wo, Wo, Wo, Wo, Wo, Wo, Wo, Wo, Wo, Ww, Dd, Dd, Gs, Gs^Vht, Gs, Gs, Gs, Dd, Gs, Dd, Dd, Ww, Ww, Wo, Wo, Wo, Wo, Wo
Wo, Wo, Wo, Wo, Wo, Wo, Wo, Wo, Wo, Wo, Wo, Wo, Wo, Wo, Wo, Ww, Ww, Dd, Dd, Dd, Dd, Dd, Ww, Dd, Ww, Ww, Wo, Wo, Wo, Wo, Wo, Wo, Wo
Wo, Wo, Wo, Wo, Wo, Wo, Wo, Wo, Wo, Wo, Wo, Wo, Wo, Wo, Wo, Wo, Wo, Ww, Ww, Ww, Ww, Ww, Wo, Ww, Wo, Wo, Wo, Wo, Wo, Wo, Wo, Wo, Wo
Wo, Wo, Wo, Wo, Wo, Wo, Wo, Wo, Wo, Wo, Wo, Wo, Wo, Wo, Wo, Wo, Wo, Wo, Wo, Wo, Wo, Wo, Wo, Wo, Wo, Wo, Wo, Wo, Wo, Wo, Wo, Wo, Wo
Wo, Wo, Wo, Wo, Wo, Wo, Wo, Wo, Wo, Wo, Wo, Wo, Wo, Wo, Wo, Wo, Wo, Wo, Wo, Wo, Wo, Wo, Wo, Wo, Wo, Wo, Wo, Wo, Wo, Wo, Wo, Wo, Wo
