Aa^Fpa, Ha, Ms, Ms, Ha, Aa^Fpa, Aa^Fpa, Ha, Ha, Ha, Aa^Fpa, Aa^Fpa, Aa, Aa, Aa, Ai, Ai, Aa, Ww, Ai, Ww, Ww, Ai, Wo, Wo, Ww, Wo, Ai, Ww, Wo, Wo, Wo, Wo, Wo, Wo, Wo, Wo, Wo, Wo, Wo, Wo, Wo, Wo, Wo, Wo, Wo, Wo, Wo, Wo, Wo, Wo, Wo, Wo, Ww, Gg, Gg, Gs^Fp, Ss, Ss, Ss, Ss, Gg^Fp, Gg, Ww, Gg, Gs^Fp, Gs^Fp, Gs^Fp
Aa, Ha, Aa, Ha, Aa, Aa^Fpa, Aa, Aa^Fpa, Ha, Ha, Ha, Aa, Aa, Ai, Ww, Ww, Ww, Ai, Ww, Wo, Wo, Ww, Wo, Wo, Wo, Wo, Wo, Wo, Wo, Wo, Wo, Wo, Wo, Wo, Wo, Wo, Wo, Wo, Wo, Wo, Wo, Wo, Ww, Wo, Ww, Wo, Ww, Wo, Wo, Wo, Wo, Wo, Wo, Ww, Ww, Gg, Ds, Gg^Fp, Wwf, Gg^Fp, Ww, Gg^Fp, Ww, Ww, Gg, Gs^Fp, Gs^Fp, Gs^Fp
Ai, Aa, Ai, Aa, Aa, Aa, Aa, Ha, Ms, Ms, Ha, Aa, Ai, Ww, Ww, Wo, Ai, Ww, Wo, Wo, Wo, Wo, Wo, Wo, Wo, Wo, Wo, Wo, Wo, Wo, Wo, Wo, Wo, Wo, Wo, Wo, Wo, Wo, Wo, Wo, Wo, Ww, Wo, Ww, Ww, Ww, Ww, Ww, Wo, Wo, Wo, Wo, Wo, Wo, Ww, Ww, Ww, Wwf, Ch^Vhc, Wwf, Gg, Ww, Gg^Fms, Gg^Fms, Gg, Gg, Gg, Gg
Ww, Ai, Ai, Aa, Ai, Ai, Aa, Ha, Ha, Ha, Aa, Ai, Ww, Ai, Wo, Wo, Wo, Ww, Wo, Wo, Wo, Wo, Wo, Wo, Wo, Wo, Wo, Wo, Ww, Wo, Wo, Wo, Ww, Ww, Ww, Ww, Ww, Wo, Wo, Wo, Wo, Wo, Wo, Ww, Ww, Gs, Hh, Ww, Ww, Wo, Wo, Wo, Wo, Ww, Ww, Ww, Ww, Ww, Ds, Gg, Gg, Gg, Gg, Gg, Re^Gvs, Re^Gvs, Re^Gvs, Gg
Ww, Ww, Ww, Ww, Ww, Ww, Ai, Aa, Ai, Aa, Aa^Vla, Ww, Wo, Ww, Wo, Wo, Wo, Wo, Wo, Wo, Wo, Wo, Ww, Wo, Wo, Wo, Wo, Ww, Ww, Ww, Ww, Wo, Ww, Gs^Fp, Gs^Vo, Ww, Wo, Wo, Wo, Wo, Wo, Wo, Wo, Wo, Ww, Gs, Gs^Vhr, Gs, Ww, Wo, Wo, Wo, Wo, Wo, Wo, Wo, Wo, Ww, Ww, Gg, Re^Gvs, Re^Gvs, Re^Gvs, Gg, Gg, Re^Gvs, Gg, Gg
Ww, Ww, Wo, Ww, Ww, Ww, Ww, Ww, Ww, Ai, Ww, Ww, Wo, Wo, Wo, Wo, Ww, Wo, Wo, Wo, Wo, Ww, Ww, Wo, Ww, Ww, Ww, Ww, Gg, Ww, Ww, Ww, Gg, Ds, Ww, Ww, Wo, Wo, Wo, Wo, Wo, Wo, Wo, Wo, Ww, Ss, Ss, Ww, Ww, Ww, Wo, Wo, Wo, Wo, Wo, Wo, Ww, Ww, Gg^Fms, Gg^Fms, Gg, Re^Gvs, Gg, Gg, Re^Gvs, Gg, Gg, Ch
Ww, Ww, Ww, Ww, Ww, Wo, Wo, Ww, Wo, Ww, Ww, Wo, Wo, Wo, Wo, Ww, Ww, Wo, Ww, Ww, Ww, Ww, Ww, Ww, Wo, Ww, Ww, Gs^Fp, Gg, Hh, Gg, Ww^Bw/, Ww, Gs^Fp, Ww, Wo, Wo, Wo, Wo, Wo, Wo, Wo, Ww, Ww, Gs^Fp, Ww, Ww, Ww, Gs, Ww, Ww, Wo, Wo, Wo, Wo, Ww, Ww, Ds, Gg, Gg^Fms, Ds, Gg, Gg, Re^Gvs, Re^Gvs, Re^Gvs, Gg, Gg
Gs, Gs, Gs, Ss, Ss, Ww, Wo, Wo, Wo, Ww, Wo, Ww, Wo, Wo, Ww, Ww, Ww, Ww, Gg, Gs^Fp, Gs^Ve, Gg, Ww, Ww, Wo, Wo, Ww, Hh, Gs^Fp, Ww, Ww, Ww, Ww, Ww, Wo, Wo, Wo, Wo, Wo, Wo, Wo, Wo, Ww, Ww, Ww, Gs, Ww, Ww, Ww, Ww, Ww, Wo, Wo, Wo, Wo, Ww, Ww, Ds, Ds, Ds, Ww, Ds, Ds, Gg, Gg, Gg, Gg, Gs^Fms
Hh, Hh, Hh, Gs, Gs, Ww, Ww, Ww, Ww, Wo, Ww, Wo, Wo, Wo, Wo, Ww, Ww, Ww, Ww, Hh, Ww^Bw|, Ww, Ww, Wo, Wo, Wo, Wo, Ww, Gg, Ww^Bw\, Ww, Ds, Ww, Wo, Wo, Ww, Ww, Wo, Wo, Wo, Wo, Wo, Wo, Wo, Wo, Ww, Ww, Gs, Ww, Ww, Wo, Wo, Wo, Wo, Wo, Ww, Ww, Ww, Ww, Ww, Ww, Ww, Ww, Ds, Ds, Gg, Gg, Gs^Fms
Hh, Mm, Hh, Gd^Fp, Gd, Ss, Gs, Ss, Ss, Ww, Ww, Ww, Wo, Wo, Wo, Wo, Wo, Wo, Ww, Ww, Gg, Gg, Ww, Wo, Wo, Wo, Wo, Ww, Ww, Ww, Ww, Ww, Ww, Ww, Ww, Ww, Ww, Wo, Wo, Wo, Wo, Wo, Wo, Wo, Wo, Ww, Wo, Ww, Ww, Ww, Ww, Ww, Wo, Wo, Wo, Wo, Ww, Ww, Ww, Ww, Ww, Ww, Wo, Ww, Ds, Gg, Gg, Gg
Gd^Fp, Gd^Fp, Gd^Fp, Gd, Gs, Gd^Fp, Gd^Fp, Gs, Ww, Ww, Ww, Wo, Wo, Wo, Wo, Wo, Wo, Wo, Ww, Gg, Hh, Ww, Hh, Ww, Wo, Wo, Wo, Wo, Wo, Wo, Wo, Wo, Wo, Wo, Ww, Gs^Ft, Ww, Wo, Wo, Wo, Wo, Wo, Wo, Wo, Wo, Wo, Wo, Wo, Ww, Ww, Gs, Ww, Ww, Wo, Wo, Ww, Ww, Ww, Ww, Wo, Wo, Wo, Wo, Ww, Ww, Ds, Gg, Gg
Ss, Ss^Fp, Ss, Ss, Ww, Ww, Ww, Chw^Vhcr, Ww, Wo, Wo, Wo, Wo, Wo, Wo, Wo, Wo, Ww, Gg, Gg, Gs^Fp, Mm, Gg, Ww, Ww, Wo, Wo, Wo, Wo, Wo, Wo, Wo, Ww, Ww, Ww, Ww, Dd, Ww, Ww, Ww, Wo, Wo, Ww, Ww, Ww, Ww, Ww, Ww, Ww, Gs, Hh, Ww, Wo, Wo, Wo, Wo, Ww, Ww, Gg, Ww, Wo, Wo, Wo, Wo, Ww, Ds, Gg, Gg
Ss, Ss^Fp, Gs, Gs, Gs, Gd^Fp, Gd^Fp, Wwf, Ss, Ww, Wo, Wo, Wo, Wo, Wo, Wo, Wo, Ww, Ww, Ww, Ww, Ww, Ww, Ww, Wo, Wo, Wo, Wo, Wo, Wo, Wo, Ww, Gs^Ft, Ww, Ww, Gs^Ft, Wwf, Gs^Ft, Ww, Wo, Wo, Wo, Wo, Ww, Ww, Gs, Mm, Gs, Gs, Ww, Ww, Ww, Wo, Wo, Wo, Ww, Gg, Hh, Gs^Fds, Ww, Wo, Wo, Wo, Ww, Ds, Ds, Gg, Gg
Ss, Ss, Ww, Hh, Gs, Gd^Fp, Gd, Gd, Gs, Ww, Ww, Wo, Ww, Ww, Ww, Wo, Ww, Ww, Wo, Ww, Wo, Wo, Wo, Ww, Wo, Wo, Ww, Wo, Wo, Wo, Wo, Ww, Ww, Ww, Ww, Hh, Dd, Gs^Vd, Ww, Ww, Ww, Wo, Ww, Ww, Gs, Gs^Fp, Hh, Hh, Gs, Ww, Wo, Wo, Wo, Wo, Ww, Ww, Ww, Gg, Ww, Ww, Wo, Wo, Ww, Ww, Ds, Gg^Fms, Gg, Gg
Mm, Hh, Ww, Gd^Fp, Gd, Gs, Gd^Fp, Gs, Ss, Ss, Ww, Wo, Ww, Ww, Ww, Ww, Ww, Ww, Wo, Wo, Wo, Wo, Wo, Wo, Wo, Ww, Ww, Ww, Wo, Wo, Wo, Wo, Wo, Wo, Wo, Ww, Ww, Ww, Wo, Ww, Wo, Wo, Ww, Ww, Ww, Gs^Fp, Gs, Gs^Vo, Ww, Ww, Wo, Wo, Wo, Ww, Ww, Ww, Ww, Ww, Ww, Wo, Wo, Wo, Ww, Ds, Gg, Gg, Re^Gvs, Re^Gvs
Hh, Hh, Gd^Fp, Ww, Ww, Gd^Fp, Wwf, Gs, Ww, Ww, Wo, Wo, Wo, Wo, Ww, Ww, Rd, Ww, Ww, Ww, Ww, Wo, Ww, Ww, Ww, Wo, Ww, Ww, Ww, Wo, Wo, Wo, Ww, Wo, Ww, Ww, Ww, Ww, Wo, Wo, Wo, Wo, Wo, Ww, Wo, Ww, Ww, Ww, Ww, Ww, Ww, Wo, Ww, Ww, Ds, Ds, Ds, Ww, Ww, Ww, Ww, Ww, Ds, Ds, Gg, Ch, Gg, Re^Gvs
Gs, Gs, Gs, Gd^Fp, Gd^Fp, Wwf, Gs^Vo, Ww, Ww, Ww, Wo, Wo, Wo, Ww, Ww, Dd, Wwf, Gs^Ft, Ww, Ww, Ww, Wo, Wo, Ww, Ww, Ww, Gs, Gs, Ww, Wo, Wo, Wo, Ww, Ww, Ww, Gs^Ft, Ww, Wo, Wo, Wo, Wo, Wo, Wo, Wo, Wo, Wo, Wo, Wo, Wo, Wo, Ww, Ww, Gg, Ds, Gg, Gg, Gg, Gg, Gg, Ds, Gg, Ds, Gg, Gg, Re^Gvs, Gg, Gg, Gg
Ss, Ss, Ss, Gd^Fp, Ww, Gs, Ss, Ss, Ww, Ww, Ww, Wo, Ww, Ww, Ww, Gs^Ft, Dd, Dd^Vdt, Ww, Ww, Wo, Wo, Ww, Ww, Ww, Dd, Gs, Gs^Ft, Ww, Ww, Ww, Ww, Ww, Gs^Ft, Ww, Ww, Ww, Ww, Ww, Ww, Ww, Wo, Wo, Wo, Wo, Wo, Wo, Wo, Wo, Ww, Ww, Ds, Gg, Gg, Gs^Fms, Gs^Fds, Gs^Fms, Gs^Fds, Gs^Fms, Gg, Gs^Fds, Gg, Gg, Re^Gvs, Re^Gvs, Re^Gvs, Gg, Gg
Ww, Ww, Ww, Ww, Ww, Ww, Ww, Ww, Wo, Ww, Wo, Wo, Wo, Ww, Wo, Ww, Ww, Ww, Ww, Ww, Ww, Wo, Wo, Wo, Ww, Hh, Gs, Ww, Ww, Ww, Ww, Gs^Ft, Gs^Vhc, Ww, Ww, Ww, Gs^Ft, Ww, Ww, Ww, Ww, Wo, Wo, Wo, Wo, Wo, Ww, Wo, Ww, Ww, Ds, Gg, Gs^Fds, Gs^Fms, Gs^Fds, Gs^Fms, Gs^Fds, Gs^Fms, Gs^Fms, Gs^Fds, Gs^Fms, Gg, Gs^Fms, Gg, Gg, Gg, Re^Gvs, Re^Gvs
Ww, Ww, Ww, Ww, Wo, Ww, Ww, Ww, Ww, Wo, Wo, Wo, Wo, Wo, Wo, Ww, Ww, Ww, Wo, Ww, Wo, Wo, Wo, Wo, Ww, Hh, Hh, Gs^Ft, Hh, Dd, Gs, Gs, Gs^Ft, Dd, Ww, Ww, Ww, Ww, Wo, Ww, Wo, Wo, Wo, Wo, Wo, Wo, Ww, Ww, Ww, Ww, Gg, Gg, Gs^Fds, Gs^Fds, Gs^Fms, Cv^Fds, Kv^Fds, Cv^Fds, Gs^Fms, Gs^Fds, Gs^Fms, Gs^Fms, Gs^Fds, Gs^Fms, Gs^Fds, Gg, Gg, Re^Gvs
Wo, Wo, Wo, Ww, Wo, Wo, Wo, Wo, Wo, Wo, Wo, Wo, Wo, Wo, Wo, Wo, Wo, Wo, Wo, Wo, Wo, Wo, Wo, Wo, Wo, Ww, Ww, Ww, Gs, Hh, Gs^Ft, Hh, Hh, Gs, Gs^Ft, Ww, Ww, Wo, Wo, Wo, Wo, Wo, Wo, Wo, Wo, Wo, Wo, Ww, Ww, Ds, Gg, Gs^Fds, Gs^Fms, Gs^Fms, Gs^Fms, Gs^Fds, Gs^Fms, Gs^Fds, Gs^Fds, Gs^Fds, Gs^Fms, Gs^Fds, Cv^Fds, Gs^Fds, Gs^Fds, Gg, Gg, Gg
Wo, Wo, Wo, Wo, Wo, Wo, Wo, Wo, Wo, Wo, Wo, Wo, Wo, Wo, Wo, Wo, Wo, Wo, Wo, Wo, Wo, Wo, Wo, Wo, Wo, Wo, Wo, Ww, Gs, Hh, Gs^Ft, Hh, Hh, Gs, Gs, Ww, Ww, Ww, Wo, Wo, Wo, Wo, Wo, Wo, Wo, Wo, Wo, Ww, Ww, Ds, Gg, Gs^Fds, Gs, Cv^Fds, Gs^Fms, Gs^Fms, Gs^Fms, Gs^Fms, Cv^Fms, Gs^Fms, Gs^Fds, Gs^Fms, Gs^Fms, Gs^Fms, Gs^Fms, Gs^Fds, Gg, Gg
